// Jest Snapshot v1, https://goo.gl/fbAQLP

exports[`Songs component renders Songs 1`] = `
<ul
  className="songs"
>
  <li
    key="laskd311klasjd"
  >
    <Song
      artistName="Silkworm"
      songTitle="Never Met A Man I Didn't Like"
    />
  </li>
  <li
    key="laskd311klasjd"
  >
    <Song
      artistName="Silkworm"
      songTitle="Never Met A Man I Didn't Like"
    />
  </li>
</ul>
`;
