// Jest Snapshot v1, https://goo.gl/fbAQLP

exports[`Artists component renders Artists 1`] = `
<ul>
  <li
    key="311"
  >
    <Artist
      artistId="311"
      artistName="Silkworm"
    />
  </li>
  <li
    key="311"
  >
    <Artist
      artistId="311"
      artistName="Silkworm"
    />
  </li>
</ul>
`;
